// Jest Snapshot v1, https://goo.gl/fbAQLP

exports[`dlq creates an alarm 1`] = `
Object {
  "Resources": Object {
    "DLQ581697C4": Object {
      "Type": "AWS::SQS::Queue",
    },
    "DLQAlarm008FBE3A": Object {
      "Properties": Object {
        "AlarmDescription": "There are messages in the Dead Letter Queue",
        "ComparisonOperator": "GreaterThanOrEqualToThreshold",
        "Dimensions": Array [
          Object {
            "Name": "QueueName",
            "Value": Object {
              "Fn::GetAtt": Array [
                "DLQ581697C4",
                "QueueName",
              ],
            },
          },
        ],
        "EvaluationPeriods": 1,
        "MetricName": "ApproximateNumberOfMessagesVisible",
        "Namespace": "AWS/SQS",
        "Period": 300,
        "Statistic": "Maximum",
        "Threshold": 1,
      },
      "Type": "AWS::CloudWatch::Alarm",
    },
  },
}
`;
